
         /\      Grafana   /‾‾/  
    /\  /  \     |\  __   /  /   
   /  \/    \    | |/ /  /   ‾‾\ 
  /          \   |   (  |  (‾)  |
 / __________ \  |_|\_\  \_____/ 


     execution: local
        script: /pilot/load.js
        output: json (/tmp/pilot-raw.json.gz)

     scenarios: (100.00%) 1 scenario, 8 max VUs, 42s max duration (incl. graceful stop):
              * pilot: 10.00 iterations/s for 40s (maxVUs: 8, gracefulStop: 2s)


running (01.0s), 0/8 VUs, 10 complete and 0 interrupted iterations
pilot   [   2% ] 0/8 VUs  01.0s/40s  10.00 iters/s

running (02.0s), 0/8 VUs, 20 complete and 0 interrupted iterations
pilot   [   5% ] 0/8 VUs  02.0s/40s  10.00 iters/s

running (03.0s), 0/8 VUs, 30 complete and 0 interrupted iterations
pilot   [   7% ] 0/8 VUs  03.0s/40s  10.00 iters/s

running (04.0s), 0/8 VUs, 40 complete and 0 interrupted iterations
pilot   [  10% ] 0/8 VUs  04.0s/40s  10.00 iters/s

running (05.0s), 0/8 VUs, 50 complete and 0 interrupted iterations
pilot   [  12% ] 0/8 VUs  05.0s/40s  10.00 iters/s

running (06.0s), 0/8 VUs, 60 complete and 0 interrupted iterations
pilot   [  15% ] 0/8 VUs  06.0s/40s  10.00 iters/s

running (07.0s), 0/8 VUs, 70 complete and 0 interrupted iterations
pilot   [  17% ] 0/8 VUs  07.0s/40s  10.00 iters/s

running (08.0s), 0/8 VUs, 80 complete and 0 interrupted iterations
pilot   [  20% ] 0/8 VUs  08.0s/40s  10.00 iters/s

running (09.0s), 0/8 VUs, 90 complete and 0 interrupted iterations
pilot   [  22% ] 0/8 VUs  09.0s/40s  10.00 iters/s

running (10.0s), 0/8 VUs, 100 complete and 0 interrupted iterations
pilot   [  25% ] 0/8 VUs  10.0s/40s  10.00 iters/s

running (11.0s), 0/8 VUs, 110 complete and 0 interrupted iterations
pilot   [  27% ] 0/8 VUs  11.0s/40s  10.00 iters/s

running (12.0s), 0/8 VUs, 120 complete and 0 interrupted iterations
pilot   [  30% ] 0/8 VUs  12.0s/40s  10.00 iters/s

running (13.0s), 0/8 VUs, 130 complete and 0 interrupted iterations
pilot   [  32% ] 0/8 VUs  13.0s/40s  10.00 iters/s

running (14.0s), 0/8 VUs, 140 complete and 0 interrupted iterations
pilot   [  35% ] 0/8 VUs  14.0s/40s  10.00 iters/s

running (15.0s), 0/8 VUs, 150 complete and 0 interrupted iterations
pilot   [  37% ] 0/8 VUs  15.0s/40s  10.00 iters/s

running (16.0s), 0/8 VUs, 160 complete and 0 interrupted iterations
pilot   [  40% ] 0/8 VUs  16.0s/40s  10.00 iters/s

running (17.0s), 0/8 VUs, 170 complete and 0 interrupted iterations
pilot   [  42% ] 0/8 VUs  17.0s/40s  10.00 iters/s

running (18.0s), 0/8 VUs, 180 complete and 0 interrupted iterations
pilot   [  45% ] 0/8 VUs  18.0s/40s  10.00 iters/s

running (19.0s), 0/8 VUs, 190 complete and 0 interrupted iterations
pilot   [  47% ] 0/8 VUs  19.0s/40s  10.00 iters/s

running (20.0s), 0/8 VUs, 200 complete and 0 interrupted iterations
pilot   [  50% ] 0/8 VUs  20.0s/40s  10.00 iters/s

running (21.0s), 0/8 VUs, 210 complete and 0 interrupted iterations
pilot   [  52% ] 0/8 VUs  21.0s/40s  10.00 iters/s

running (22.0s), 0/8 VUs, 220 complete and 0 interrupted iterations
pilot   [  55% ] 0/8 VUs  22.0s/40s  10.00 iters/s

running (23.0s), 0/8 VUs, 230 complete and 0 interrupted iterations
pilot   [  57% ] 0/8 VUs  23.0s/40s  10.00 iters/s

running (24.0s), 0/8 VUs, 240 complete and 0 interrupted iterations
pilot   [  60% ] 0/8 VUs  24.0s/40s  10.00 iters/s

running (25.0s), 0/8 VUs, 250 complete and 0 interrupted iterations
pilot   [  62% ] 0/8 VUs  25.0s/40s  10.00 iters/s

running (26.0s), 0/8 VUs, 260 complete and 0 interrupted iterations
pilot   [  65% ] 0/8 VUs  26.0s/40s  10.00 iters/s

running (27.0s), 0/8 VUs, 270 complete and 0 interrupted iterations
pilot   [  67% ] 0/8 VUs  27.0s/40s  10.00 iters/s

running (28.0s), 0/8 VUs, 280 complete and 0 interrupted iterations
pilot   [  70% ] 0/8 VUs  28.0s/40s  10.00 iters/s

running (29.0s), 0/8 VUs, 290 complete and 0 interrupted iterations
pilot   [  72% ] 0/8 VUs  29.0s/40s  10.00 iters/s

running (30.0s), 0/8 VUs, 300 complete and 0 interrupted iterations
pilot   [  75% ] 0/8 VUs  30.0s/40s  10.00 iters/s

running (31.0s), 0/8 VUs, 310 complete and 0 interrupted iterations
pilot   [  77% ] 0/8 VUs  31.0s/40s  10.00 iters/s

running (32.0s), 0/8 VUs, 320 complete and 0 interrupted iterations
pilot   [  80% ] 0/8 VUs  32.0s/40s  10.00 iters/s

running (33.0s), 0/8 VUs, 330 complete and 0 interrupted iterations
pilot   [  82% ] 0/8 VUs  33.0s/40s  10.00 iters/s

running (34.0s), 0/8 VUs, 340 complete and 0 interrupted iterations
pilot   [  85% ] 0/8 VUs  34.0s/40s  10.00 iters/s

running (35.0s), 0/8 VUs, 350 complete and 0 interrupted iterations
pilot   [  87% ] 0/8 VUs  35.0s/40s  10.00 iters/s

running (36.0s), 0/8 VUs, 360 complete and 0 interrupted iterations
pilot   [  90% ] 0/8 VUs  36.0s/40s  10.00 iters/s

running (37.0s), 0/8 VUs, 370 complete and 0 interrupted iterations
pilot   [  92% ] 0/8 VUs  37.0s/40s  10.00 iters/s

running (38.0s), 0/8 VUs, 380 complete and 0 interrupted iterations
pilot   [  95% ] 0/8 VUs  38.0s/40s  10.00 iters/s

running (39.0s), 0/8 VUs, 390 complete and 0 interrupted iterations
pilot   [  97% ] 0/8 VUs  39.0s/40s  10.00 iters/s

running (40.0s), 0/8 VUs, 400 complete and 0 interrupted iterations
pilot   [ 100% ] 0/8 VUs  40.0s/40s  10.00 iters/s
{"load":"finished","cell":"fpm-w1-10-baseline"}

running (40.0s), 0/8 VUs, 400 complete and 0 interrupted iterations
pilot ✓ [ 100% ] 0/8 VUs  40s  10.00 iters/s
