{
  "paused": null,
  "vus": null,
  "duration": null,
  "iterations": null,
  "stages": null,
  "scenarios": {
    "pilot": {
      "executor": "constant-arrival-rate",
      "startTime": null,
      "gracefulStop": "2s",
      "env": null,
      "exec": null,
      "tags": null,
      "rate": 10,
      "timeUnit": "1s",
      "duration": "40s",
      "preAllocatedVUs": 8,
      "maxVUs": 8
    }
  },
  "executionSegment": null,
  "executionSegmentSequence": null,
  "noSetup": null,
  "setupTimeout": null,
  "noTeardown": null,
  "teardownTimeout": null,
  "handleSummaryTimeout": null,
  "rps": null,
  "dns": {
    "ttl": null,
    "select": null,
    "policy": null
  },
  "maxRedirects": 0,
  "userAgent": null,
  "batch": null,
  "batchPerHost": null,
  "httpDebug": null,
  "insecureSkipTLSVerify": null,
  "tlsCipherSuites": null,
  "tlsVersion": null,
  "tlsAuth": null,
  "tlsAIAFetch": null,
  "throw": false,
  "thresholds": null,
  "blacklistIPs": null,
  "blockHostnames": null,
  "hosts": null,
  "noConnectionReuse": null,
  "noVUConnectionReuse": null,
  "minIterationDuration": null,
  "ext": null,
  "summaryTrendStats": null,
  "summaryTimeUnit": null,
  "systemTags": [
    "error",
    "error_code",
    "expected_response",
    "method",
    "name",
    "scenario",
    "status",
    "url"
  ],
  "tags": null,
  "metricSamplesBufferSize": null,
  "noCookiesReset": null,
  "discardResponseBodies": null,
  "features": null
}