
         /\      Grafana   /‾‾/  
    /\  /  \     |\  __   /  /   
   /  \/    \    | |/ /  /   ‾‾\ 
  /          \   |   (  |  (‾)  |
 / __________ \  |_|\_\  \_____/ 


     execution: local
        script: /tmp/task5-native-abort.js
        output: json (/tmp/pilot-raw.json.gz)

     scenarios: (100.00%) 1 scenario, 8 max VUs, 32s max duration (incl. graceful stop):
              * probe: 10.00 iterations/s for 30s (maxVUs: 8, gracefulStop: 2s)


running (01.0s), 0/8 VUs, 10 complete and 0 interrupted iterations
probe   [   3% ] 0/8 VUs  01.0s/30s  10.00 iters/s

running (02.0s), 0/8 VUs, 20 complete and 0 interrupted iterations
probe   [   7% ] 0/8 VUs  02.0s/30s  10.00 iters/s

running (03.0s), 0/8 VUs, 30 complete and 0 interrupted iterations
probe   [  10% ] 0/8 VUs  03.0s/30s  10.00 iters/s


  █ TOTAL RESULTS 

    CUSTOM
    task5_gate_invocation_ms...: avg=1791273889002.353 min=1791273887353 med=1791273889002 max=1791273890653 p(90)=1791273890322 p(95)=1791273890487

    EXECUTION
    iteration_duration.........: avg=504.95µs          min=235.22µs      med=372.52µs      max=2.63ms        p(90)=694.13µs      p(95)=933.4µs      
    iterations.................: 34  10.077116/s
    vus........................: 0   min=0       max=0
    vus_max....................: 8   min=8       max=8

    NETWORK
    data_received..............: 0 B 0 B/s
    data_sent..................: 0 B 0 B/s




running (03.4s), 0/8 VUs, 34 complete and 0 interrupted iterations
probe ✗ [  11% ] 0/8 VUs  03.4s/30s  10.00 iters/s
test run was aborted because k6 received a 'interrupt' signal
