[
    {
        "Id": "c596aab89b894962dfa173474b58490979c4646366d2933fa814e43de2b87fe2",
        "Created": "2026-10-06T08:12:54.079580539Z",
        "Path": "nginx",
        "Args": [
            "-c",
            "/etc/nginx/pilot.conf",
            "-g",
            "daemon off;"
        ],
        "State": {
            "Status": "running",
            "Running": true,
            "Paused": false,
            "Restarting": false,
            "OOMKilled": false,
            "Dead": false,
            "Pid": 22420,
            "ExitCode": 0,
            "Error": "",
            "StartedAt": "2026-10-06T08:12:54.530190459Z",
            "FinishedAt": "0001-01-01T00:00:00Z"
        },
        "Image": "sha256:34e04bb6b4bb37d45845842374be0cd181723daffb230849b1984aaeaa96faba",
        "ResolvConfPath": "/var/lib/docker/containers/c596aab89b894962dfa173474b58490979c4646366d2933fa814e43de2b87fe2/resolv.conf",
        "HostnamePath": "/var/lib/docker/containers/c596aab89b894962dfa173474b58490979c4646366d2933fa814e43de2b87fe2/hostname",
        "HostsPath": "/var/lib/docker/containers/c596aab89b894962dfa173474b58490979c4646366d2933fa814e43de2b87fe2/hosts",
        "LogPath": "/var/lib/docker/containers/c596aab89b894962dfa173474b58490979c4646366d2933fa814e43de2b87fe2/c596aab89b894962dfa173474b58490979c4646366d2933fa814e43de2b87fe2-json.log",
        "Name": "/mezzio-pilot-task5-platform-38d4895422d0-app-fpm-1",
        "RestartCount": 0,
        "Driver": "overlay2",
        "Platform": "linux",
        "MountLabel": "",
        "ProcessLabel": "",
        "AppArmorProfile": "",
        "ExecIDs": null,
        "HostConfig": {
            "Binds": [
                "/home/sirix/PhpStormProjects/mezzio-valinor-request-mapper/.worktrees/mezzio-load-app/pilot/runtime/nginx.conf:/etc/nginx/pilot.conf:ro"
            ],
            "ContainerIDFile": "",
            "LogConfig": {
                "Type": "json-file",
                "Config": {}
            },
            "NetworkMode": "mezzio-pilot-task5-platform-38d4895422d0_pilot",
            "PortBindings": {},
            "RestartPolicy": {
                "Name": "no",
                "MaximumRetryCount": 0
            },
            "AutoRemove": false,
            "VolumeDriver": "",
            "VolumesFrom": null,
            "ConsoleSize": [
                0,
                0
            ],
            "CapAdd": null,
            "CapDrop": [
                "ALL"
            ],
            "CgroupnsMode": "private",
            "Dns": null,
            "DnsOptions": null,
            "DnsSearch": null,
            "ExtraHosts": [],
            "GroupAdd": null,
            "IpcMode": "private",
            "Cgroup": "",
            "Links": null,
            "OomScoreAdj": 0,
            "PidMode": "",
            "Privileged": false,
            "PublishAllPorts": false,
            "ReadonlyRootfs": true,
            "SecurityOpt": [
                "no-new-privileges:true"
            ],
            "Tmpfs": {
                "/tmp": "rw,nosuid,nodev,noexec,size=67108864,uid=1001,gid=1001,mode=1777"
            },
            "UTSMode": "",
            "UsernsMode": "",
            "ShmSize": 67108864,
            "Runtime": "runc",
            "Isolation": "",
            "CpuShares": 0,
            "Memory": 268435456,
            "NanoCpus": 1000000000,
            "CgroupParent": "",
            "BlkioWeight": 0,
            "BlkioWeightDevice": null,
            "BlkioDeviceReadBps": null,
            "BlkioDeviceWriteBps": null,
            "BlkioDeviceReadIOps": null,
            "BlkioDeviceWriteIOps": null,
            "CpuPeriod": 0,
            "CpuQuota": 0,
            "CpuRealtimePeriod": 0,
            "CpuRealtimeRuntime": 0,
            "CpusetCpus": "",
            "CpusetMems": "",
            "Devices": null,
            "DeviceCgroupRules": null,
            "DeviceRequests": null,
            "MemoryReservation": 0,
            "MemorySwap": 268435456,
            "MemorySwappiness": null,
            "OomKillDisable": null,
            "PidsLimit": 64,
            "Ulimits": null,
            "CpuCount": 0,
            "CpuPercent": 0,
            "IOMaximumIOps": 0,
            "IOMaximumBandwidth": 0,
            "MaskedPaths": [
                "/proc/asound",
                "/proc/acpi",
                "/proc/interrupts",
                "/proc/kcore",
                "/proc/keys",
                "/proc/latency_stats",
                "/proc/timer_list",
                "/proc/timer_stats",
                "/proc/sched_debug",
                "/proc/scsi",
                "/sys/firmware",
                "/sys/devices/virtual/powercap"
            ],
            "ReadonlyPaths": [
                "/proc/bus",
                "/proc/fs",
                "/proc/irq",
                "/proc/sys",
                "/proc/sysrq-trigger"
            ]
        },
        "GraphDriver": {
            "Data": {
                "ID": "c596aab89b894962dfa173474b58490979c4646366d2933fa814e43de2b87fe2",
                "LowerDir": "/var/lib/docker/overlay2/2878af340e09bc8aee740d4197c4d4240e8773910ff47408dd8eb139d7721fe1-init/diff:/var/lib/docker/overlay2/a57ec853cad29ca020872408d177367b0bd1c1ba684cc1537f2edd8319dbbf7b/diff:/var/lib/docker/overlay2/02acd5c6d7e251ada66994c83f7c8e11693b6546b457da61a7d28e0089427d16/diff:/var/lib/docker/overlay2/f9003c262a178b403795dd70f77b70e4b44b737c0f550b6c9076548a16588c84/diff:/var/lib/docker/overlay2/0dec32de08de9ae0cb8ea4599612071ea72e267729cb18fa0e2f7f5c9908b4e4/diff:/var/lib/docker/overlay2/5f1b0bc44d54d2c2df0e3595fdc6f6f0480fc5200f8cf3e91a418038d6918d18/diff:/var/lib/docker/overlay2/ea64aeb0dfa70a98fb24968e6c91ea4566a6a20c79bfd47216b0423cd8a15f78/diff:/var/lib/docker/overlay2/14ea6525ef63e3cc67fdf39337f35ef7c541e798f267e93fb6d35305cd281e46/diff",
                "MergedDir": "/var/lib/docker/overlay2/2878af340e09bc8aee740d4197c4d4240e8773910ff47408dd8eb139d7721fe1/merged",
                "UpperDir": "/var/lib/docker/overlay2/2878af340e09bc8aee740d4197c4d4240e8773910ff47408dd8eb139d7721fe1/diff",
                "WorkDir": "/var/lib/docker/overlay2/2878af340e09bc8aee740d4197c4d4240e8773910ff47408dd8eb139d7721fe1/work"
            },
            "Name": "overlay2"
        },
        "Mounts": [
            {
                "Type": "bind",
                "Source": "/home/sirix/PhpStormProjects/mezzio-valinor-request-mapper/.worktrees/mezzio-load-app/pilot/runtime/nginx.conf",
                "Destination": "/etc/nginx/pilot.conf",
                "Mode": "ro",
                "RW": false,
                "Propagation": "rprivate"
            }
        ],
        "Config": {
            "Hostname": "c596aab89b89",
            "Domainname": "",
            "User": "1001:1001",
            "AttachStdin": false,
            "AttachStdout": true,
            "AttachStderr": true,
            "ExposedPorts": {
                "80/tcp": {}
            },
            "Tty": false,
            "OpenStdin": false,
            "StdinOnce": false,
            "Env": [
                "PATH=/usr/local/sbin:/usr/local/bin:/usr/sbin:/usr/bin:/sbin:/bin",
                "NGINX_VERSION=1.28.0",
                "NJS_VERSION=0.8.10",
                "NJS_RELEASE=1~bookworm",
                "PKG_RELEASE=1~bookworm",
                "DYNPKG_RELEASE=1~bookworm"
            ],
            "Cmd": [
                "-c",
                "/etc/nginx/pilot.conf",
                "-g",
                "daemon off;"
            ],
            "Image": "nginx@sha256:3b03dfd827515a07ccf4946000f0bbdd2a4fb6aca7499249fcb6b1f9726823d6",
            "Volumes": null,
            "WorkingDir": "",
            "Entrypoint": [
                "nginx"
            ],
            "OnBuild": null,
            "Labels": {
                "com.docker.compose.config-hash": "35000ce8284684d2c37ee83df3f0fe19fdcc7a7f9ab7bcaa076416fbfba0a246",
                "com.docker.compose.container-number": "1",
                "com.docker.compose.depends_on": "php-fpm:service_started:false",
                "com.docker.compose.image": "sha256:34e04bb6b4bb37d45845842374be0cd181723daffb230849b1984aaeaa96faba",
                "com.docker.compose.oneoff": "False",
                "com.docker.compose.project": "mezzio-pilot-task5-platform-38d4895422d0",
                "com.docker.compose.project.config_files": "/home/sirix/PhpStormProjects/mezzio-valinor-request-mapper/.worktrees/mezzio-load-app/compose.yaml",
                "com.docker.compose.project.working_dir": "/home/sirix/PhpStormProjects/mezzio-valinor-request-mapper/.worktrees/mezzio-load-app",
                "com.docker.compose.service": "app-fpm",
                "com.docker.compose.version": "5.1.4",
                "maintainer": "NGINX Docker Maintainers <docker-maint@nginx.com>"
            },
            "StopSignal": "SIGQUIT"
        },
        "NetworkSettings": {
            "Bridge": "",
            "SandboxID": "4b7084a5b8e183eaac952b70c39afb608cb0693f13100918b834be57687e015a",
            "SandboxKey": "/var/run/docker/netns/4b7084a5b8e1",
            "Ports": {},
            "HairpinMode": false,
            "LinkLocalIPv6Address": "",
            "LinkLocalIPv6PrefixLen": 0,
            "SecondaryIPAddresses": null,
            "SecondaryIPv6Addresses": null,
            "EndpointID": "",
            "Gateway": "",
            "GlobalIPv6Address": "",
            "GlobalIPv6PrefixLen": 0,
            "IPAddress": "",
            "IPPrefixLen": 0,
            "IPv6Gateway": "",
            "MacAddress": "",
            "Networks": {
                "mezzio-pilot-task5-platform-38d4895422d0_pilot": {
                    "IPAMConfig": null,
                    "Links": null,
                    "Aliases": [
                        "mezzio-pilot-task5-platform-38d4895422d0-app-fpm-1",
                        "app-fpm"
                    ],
                    "MacAddress": "2a:bb:37:a7:cd:56",
                    "DriverOpts": null,
                    "GwPriority": 0,
                    "NetworkID": "342352d4d48728130b9ea7b6d075fbb215875013988776ff2e25e39526a44eec",
                    "EndpointID": "f9ca974ed8dffecec72e7031fa146c652d5f0979ccccb8dff81db2dc10ef32d4",
                    "Gateway": "",
                    "IPAddress": "172.24.0.3",
                    "IPPrefixLen": 16,
                    "IPv6Gateway": "",
                    "GlobalIPv6Address": "",
                    "GlobalIPv6PrefixLen": 0,
                    "DNSNames": [
                        "mezzio-pilot-task5-platform-38d4895422d0-app-fpm-1",
                        "app-fpm",
                        "c596aab89b89"
                    ]
                }
            }
        }
    },
    {
        "Id": "b6c756bc95fa5b7771493d2d1ce63800400414ba82f77e8e0f3e7981d973cf14",
        "Created": "2026-10-06T08:12:53.969318424Z",
        "Path": "docker-php-entrypoint",
        "Args": [
            "php-fpm",
            "-F",
            "-y",
            "/app/pilot/runtime/fpm.conf"
        ],
        "State": {
            "Status": "running",
            "Running": true,
            "Paused": false,
            "Restarting": false,
            "OOMKilled": false,
            "Dead": false,
            "Pid": 22335,
            "ExitCode": 0,
            "Error": "",
            "StartedAt": "2026-10-06T08:12:54.19746989Z",
            "FinishedAt": "0001-01-01T00:00:00Z"
        },
        "Image": "sha256:4102d15e94a811c89a440ee1be462c641c83ef30660d3efa70340f2ec9e4f144",
        "ResolvConfPath": "/var/lib/docker/containers/b6c756bc95fa5b7771493d2d1ce63800400414ba82f77e8e0f3e7981d973cf14/resolv.conf",
        "HostnamePath": "/var/lib/docker/containers/b6c756bc95fa5b7771493d2d1ce63800400414ba82f77e8e0f3e7981d973cf14/hostname",
        "HostsPath": "/var/lib/docker/containers/b6c756bc95fa5b7771493d2d1ce63800400414ba82f77e8e0f3e7981d973cf14/hosts",
        "LogPath": "/var/lib/docker/containers/b6c756bc95fa5b7771493d2d1ce63800400414ba82f77e8e0f3e7981d973cf14/b6c756bc95fa5b7771493d2d1ce63800400414ba82f77e8e0f3e7981d973cf14-json.log",
        "Name": "/mezzio-pilot-task5-platform-38d4895422d0-php-fpm-1",
        "RestartCount": 0,
        "Driver": "overlay2",
        "Platform": "linux",
        "MountLabel": "",
        "ProcessLabel": "",
        "AppArmorProfile": "",
        "ExecIDs": null,
        "HostConfig": {
            "Binds": null,
            "ContainerIDFile": "",
            "LogConfig": {
                "Type": "json-file",
                "Config": {}
            },
            "NetworkMode": "mezzio-pilot-task5-platform-38d4895422d0_pilot",
            "PortBindings": {},
            "RestartPolicy": {
                "Name": "no",
                "MaximumRetryCount": 0
            },
            "AutoRemove": false,
            "VolumeDriver": "",
            "VolumesFrom": null,
            "ConsoleSize": [
                0,
                0
            ],
            "CapAdd": null,
            "CapDrop": [
                "ALL"
            ],
            "CgroupnsMode": "private",
            "Dns": null,
            "DnsOptions": null,
            "DnsSearch": null,
            "ExtraHosts": [],
            "GroupAdd": null,
            "IpcMode": "private",
            "Cgroup": "",
            "Links": null,
            "OomScoreAdj": 0,
            "PidMode": "",
            "Privileged": false,
            "PublishAllPorts": false,
            "ReadonlyRootfs": true,
            "SecurityOpt": [
                "no-new-privileges:true"
            ],
            "Tmpfs": {
                "/tmp": "rw,nosuid,nodev,noexec,size=67108864,uid=1001,gid=1001,mode=1777"
            },
            "UTSMode": "",
            "UsernsMode": "",
            "ShmSize": 67108864,
            "Runtime": "runc",
            "Isolation": "",
            "CpuShares": 0,
            "Memory": 2147483648,
            "NanoCpus": 4000000000,
            "CgroupParent": "",
            "BlkioWeight": 0,
            "BlkioWeightDevice": null,
            "BlkioDeviceReadBps": null,
            "BlkioDeviceWriteBps": null,
            "BlkioDeviceReadIOps": null,
            "BlkioDeviceWriteIOps": null,
            "CpuPeriod": 0,
            "CpuQuota": 0,
            "CpuRealtimePeriod": 0,
            "CpuRealtimeRuntime": 0,
            "CpusetCpus": "",
            "CpusetMems": "",
            "Devices": null,
            "DeviceCgroupRules": null,
            "DeviceRequests": null,
            "MemoryReservation": 0,
            "MemorySwap": 2147483648,
            "MemorySwappiness": null,
            "OomKillDisable": null,
            "PidsLimit": 64,
            "Ulimits": null,
            "CpuCount": 0,
            "CpuPercent": 0,
            "IOMaximumIOps": 0,
            "IOMaximumBandwidth": 0,
            "MaskedPaths": [
                "/proc/asound",
                "/proc/acpi",
                "/proc/interrupts",
                "/proc/kcore",
                "/proc/keys",
                "/proc/latency_stats",
                "/proc/timer_list",
                "/proc/timer_stats",
                "/proc/sched_debug",
                "/proc/scsi",
                "/sys/firmware",
                "/sys/devices/virtual/powercap"
            ],
            "ReadonlyPaths": [
                "/proc/bus",
                "/proc/fs",
                "/proc/irq",
                "/proc/sys",
                "/proc/sysrq-trigger"
            ]
        },
        "GraphDriver": {
            "Data": {
                "ID": "b6c756bc95fa5b7771493d2d1ce63800400414ba82f77e8e0f3e7981d973cf14",
                "LowerDir": "/var/lib/docker/overlay2/ab357a921e707582bd33983bc30ad7f4ca566bc4c932c868924f6025b13e543e-init/diff:/var/lib/docker/overlay2/m1hwn9owbanmtnqrp45pp2bwj/diff:/var/lib/docker/overlay2/387mw2quknd5uj2pzxjttzvvq/diff:/var/lib/docker/overlay2/nu3ure9a7c33uxpks9smttui7/diff:/var/lib/docker/overlay2/5tu0qy34outm7oxboatfay9wz/diff:/var/lib/docker/overlay2/z9aus4ho7vzwoxepi4z6wzdtc/diff:/var/lib/docker/overlay2/utpioxsaz8ssvi3odutfamgp5/diff:/var/lib/docker/overlay2/w2ihkq06qa5qzz0vldnozd4ue/diff:/var/lib/docker/overlay2/ccdc2077a34929fe87897e2cee059301b7aa23a605a9162d47ba87a0271d1b04/diff:/var/lib/docker/overlay2/d0454aa4e6cd050837f265db580bafa05698177d6211b4e354b139904d8a18b5/diff:/var/lib/docker/overlay2/39841dad3a678422122439dd3a31bf33eb2506a8597b01a35d7d87584dd9d51e/diff:/var/lib/docker/overlay2/a5a89c0785dab12f54850845595d173680751ab4cf83dc0bb26818bc05881992/diff:/var/lib/docker/overlay2/70575ce617959c1c350028038a6c01bb60e87414694971b68b65010ede97d69f/diff:/var/lib/docker/overlay2/0c212e98bbcebdea905e1a7fd26ee1c4890ea6d1e8e1359136ac98f5914cc207/diff:/var/lib/docker/overlay2/c97475a615503d8c1eb28135d2d7313981d75e80426aa5812eba09599be5a43c/diff:/var/lib/docker/overlay2/84ac69c831c2adc664cce4508a8c0b3330757fcd3de0c90b2d4b7b47be5d1c07/diff:/var/lib/docker/overlay2/7c7f2d9a355004c32f64280b73549245a1bde2ff0e1e4dc734035980ea40d74e/diff:/var/lib/docker/overlay2/4b6d43217e38daca1c6ce02f7ce9528aac1439fba05391d1d3f9f242a964f9cd/diff:/var/lib/docker/overlay2/28d6d96ba2b6123f859e3d93743978124eb7ac2eb8d1419bb035db1a333d2f08/diff:/var/lib/docker/overlay2/320e3ab598873dcb64fbedf718a09f5d1840c2fa40b01b3983441149e3ea847d/diff",
                "MergedDir": "/var/lib/docker/overlay2/ab357a921e707582bd33983bc30ad7f4ca566bc4c932c868924f6025b13e543e/merged",
                "UpperDir": "/var/lib/docker/overlay2/ab357a921e707582bd33983bc30ad7f4ca566bc4c932c868924f6025b13e543e/diff",
                "WorkDir": "/var/lib/docker/overlay2/ab357a921e707582bd33983bc30ad7f4ca566bc4c932c868924f6025b13e543e/work"
            },
            "Name": "overlay2"
        },
        "Mounts": [],
        "Config": {
            "Hostname": "b6c756bc95fa",
            "Domainname": "",
            "User": "1001:1001",
            "AttachStdin": false,
            "AttachStdout": true,
            "AttachStderr": true,
            "ExposedPorts": {
                "9000/tcp": {}
            },
            "Tty": false,
            "OpenStdin": false,
            "StdinOnce": false,
            "Env": [
                "PILOT_REVISION=baseline",
                "PILOT_RUNTIME=fpm",
                "PATH=/usr/local/sbin:/usr/local/bin:/usr/sbin:/usr/bin:/sbin:/bin",
                "PHPIZE_DEPS=autoconf \t\tdpkg-dev \t\tfile \t\tg++ \t\tgcc \t\tlibc-dev \t\tmake \t\tpkg-config \t\tre2c",
                "PHP_INI_DIR=/usr/local/etc/php",
                "PHP_CFLAGS=-fstack-protector-strong -fpic -fpie -O2 -D_LARGEFILE_SOURCE -D_FILE_OFFSET_BITS=64",
                "PHP_CPPFLAGS=-fstack-protector-strong -fpic -fpie -O2 -D_LARGEFILE_SOURCE -D_FILE_OFFSET_BITS=64",
                "PHP_LDFLAGS=-Wl,-O1 -pie",
                "GPG_KEYS=1198C0117593497A5EC5C199286AF1F9897469DC C28D937575603EB4ABB725861C0779DC5C0A9DE4 AFD8691FDAEDF03BDF6E460563F15A9B715376CA",
                "PHP_VERSION=8.3.35",
                "PHP_URL=https://www.php.net/distributions/php-8.3.35.tar.xz",
                "PHP_ASC_URL=https://www.php.net/distributions/php-8.3.35.tar.xz.asc",
                "PHP_SHA256=ff4630fbbbd94359134b7d3c223db59329905bdc4f5a9ef93d257b48e358619a"
            ],
            "Cmd": [
                "php-fpm",
                "-F",
                "-y",
                "/app/pilot/runtime/fpm.conf"
            ],
            "Image": "mezzio-pilot-app:task3",
            "Volumes": null,
            "WorkingDir": "/app",
            "Entrypoint": [
                "docker-php-entrypoint"
            ],
            "OnBuild": null,
            "Labels": {
                "com.docker.compose.config-hash": "578348df9393b524175da6354fb7280624f2d6922a83b421be3482a1f29576c4",
                "com.docker.compose.container-number": "1",
                "com.docker.compose.depends_on": "",
                "com.docker.compose.image": "sha256:4102d15e94a811c89a440ee1be462c641c83ef30660d3efa70340f2ec9e4f144",
                "com.docker.compose.oneoff": "False",
                "com.docker.compose.project": "mezzio-pilot-task5-platform-38d4895422d0",
                "com.docker.compose.project.config_files": "/home/sirix/PhpStormProjects/mezzio-valinor-request-mapper/.worktrees/mezzio-load-app/compose.yaml",
                "com.docker.compose.project.working_dir": "/home/sirix/PhpStormProjects/mezzio-valinor-request-mapper/.worktrees/mezzio-load-app",
                "com.docker.compose.service": "php-fpm",
                "com.docker.compose.version": "5.1.4"
            },
            "StopSignal": "SIGQUIT"
        },
        "NetworkSettings": {
            "Bridge": "",
            "SandboxID": "afe75e07bf50b9f3b39cba5a743dc85f82be921ed1650e61c17e1cf339b3b768",
            "SandboxKey": "/var/run/docker/netns/afe75e07bf50",
            "Ports": {},
            "HairpinMode": false,
            "LinkLocalIPv6Address": "",
            "LinkLocalIPv6PrefixLen": 0,
            "SecondaryIPAddresses": null,
            "SecondaryIPv6Addresses": null,
            "EndpointID": "",
            "Gateway": "",
            "GlobalIPv6Address": "",
            "GlobalIPv6PrefixLen": 0,
            "IPAddress": "",
            "IPPrefixLen": 0,
            "IPv6Gateway": "",
            "MacAddress": "",
            "Networks": {
                "mezzio-pilot-task5-platform-38d4895422d0_pilot": {
                    "IPAMConfig": null,
                    "Links": null,
                    "Aliases": [
                        "mezzio-pilot-task5-platform-38d4895422d0-php-fpm-1",
                        "php-fpm"
                    ],
                    "MacAddress": "36:b1:9f:52:95:d8",
                    "DriverOpts": null,
                    "GwPriority": 0,
                    "NetworkID": "342352d4d48728130b9ea7b6d075fbb215875013988776ff2e25e39526a44eec",
                    "EndpointID": "9a1bc67c7289bc5a69a2dd0b2cfaa3cfaefe5553aff22f22058af5a7f2f5239b",
                    "Gateway": "",
                    "IPAddress": "172.24.0.2",
                    "IPPrefixLen": 16,
                    "IPv6Gateway": "",
                    "GlobalIPv6Address": "",
                    "GlobalIPv6PrefixLen": 0,
                    "DNSNames": [
                        "mezzio-pilot-task5-platform-38d4895422d0-php-fpm-1",
                        "php-fpm",
                        "b6c756bc95fa"
                    ]
                }
            }
        }
    }
]
