[
    {
        "Id": "acbc586425d7706e486f7d12d88798f88fb2af8c690bddfc708252a74c26e829",
        "Created": "2026-10-06T08:13:03.983619062Z",
        "Path": "docker-php-entrypoint",
        "Args": [
            "rr",
            "serve",
            "-c",
            "/app/pilot/runtime/rr.yaml"
        ],
        "State": {
            "Status": "running",
            "Running": true,
            "Paused": false,
            "Restarting": false,
            "OOMKilled": false,
            "Dead": false,
            "Pid": 23305,
            "ExitCode": 0,
            "Error": "",
            "StartedAt": "2026-10-06T08:13:04.07997918Z",
            "FinishedAt": "0001-01-01T00:00:00Z"
        },
        "Image": "sha256:4102d15e94a811c89a440ee1be462c641c83ef30660d3efa70340f2ec9e4f144",
        "ResolvConfPath": "/var/lib/docker/containers/acbc586425d7706e486f7d12d88798f88fb2af8c690bddfc708252a74c26e829/resolv.conf",
        "HostnamePath": "/var/lib/docker/containers/acbc586425d7706e486f7d12d88798f88fb2af8c690bddfc708252a74c26e829/hostname",
        "HostsPath": "/var/lib/docker/containers/acbc586425d7706e486f7d12d88798f88fb2af8c690bddfc708252a74c26e829/hosts",
        "LogPath": "/var/lib/docker/containers/acbc586425d7706e486f7d12d88798f88fb2af8c690bddfc708252a74c26e829/acbc586425d7706e486f7d12d88798f88fb2af8c690bddfc708252a74c26e829-json.log",
        "Name": "/mezzio-pilot-task5-platform-228dfafd9f5c-app-rr-1",
        "RestartCount": 0,
        "Driver": "overlay2",
        "Platform": "linux",
        "MountLabel": "",
        "ProcessLabel": "",
        "AppArmorProfile": "",
        "ExecIDs": null,
        "HostConfig": {
            "Binds": null,
            "ContainerIDFile": "",
            "LogConfig": {
                "Type": "json-file",
                "Config": {}
            },
            "NetworkMode": "mezzio-pilot-task5-platform-228dfafd9f5c_pilot",
            "PortBindings": {},
            "RestartPolicy": {
                "Name": "no",
                "MaximumRetryCount": 0
            },
            "AutoRemove": false,
            "VolumeDriver": "",
            "VolumesFrom": null,
            "ConsoleSize": [
                0,
                0
            ],
            "CapAdd": null,
            "CapDrop": [
                "ALL"
            ],
            "CgroupnsMode": "private",
            "Dns": null,
            "DnsOptions": null,
            "DnsSearch": null,
            "ExtraHosts": [],
            "GroupAdd": null,
            "IpcMode": "private",
            "Cgroup": "",
            "Links": null,
            "OomScoreAdj": 0,
            "PidMode": "",
            "Privileged": false,
            "PublishAllPorts": false,
            "ReadonlyRootfs": true,
            "SecurityOpt": [
                "no-new-privileges:true"
            ],
            "Tmpfs": {
                "/tmp": "rw,nosuid,nodev,noexec,size=67108864,uid=1001,gid=1001,mode=1777"
            },
            "UTSMode": "",
            "UsernsMode": "",
            "ShmSize": 67108864,
            "Runtime": "runc",
            "Isolation": "",
            "CpuShares": 0,
            "Memory": 2147483648,
            "NanoCpus": 4000000000,
            "CgroupParent": "",
            "BlkioWeight": 0,
            "BlkioWeightDevice": null,
            "BlkioDeviceReadBps": null,
            "BlkioDeviceWriteBps": null,
            "BlkioDeviceReadIOps": null,
            "BlkioDeviceWriteIOps": null,
            "CpuPeriod": 0,
            "CpuQuota": 0,
            "CpuRealtimePeriod": 0,
            "CpuRealtimeRuntime": 0,
            "CpusetCpus": "",
            "CpusetMems": "",
            "Devices": null,
            "DeviceCgroupRules": null,
            "DeviceRequests": null,
            "MemoryReservation": 0,
            "MemorySwap": 2147483648,
            "MemorySwappiness": null,
            "OomKillDisable": null,
            "PidsLimit": 64,
            "Ulimits": null,
            "CpuCount": 0,
            "CpuPercent": 0,
            "IOMaximumIOps": 0,
            "IOMaximumBandwidth": 0,
            "MaskedPaths": [
                "/proc/asound",
                "/proc/acpi",
                "/proc/interrupts",
                "/proc/kcore",
                "/proc/keys",
                "/proc/latency_stats",
                "/proc/timer_list",
                "/proc/timer_stats",
                "/proc/sched_debug",
                "/proc/scsi",
                "/sys/firmware",
                "/sys/devices/virtual/powercap"
            ],
            "ReadonlyPaths": [
                "/proc/bus",
                "/proc/fs",
                "/proc/irq",
                "/proc/sys",
                "/proc/sysrq-trigger"
            ]
        },
        "GraphDriver": {
            "Data": {
                "ID": "acbc586425d7706e486f7d12d88798f88fb2af8c690bddfc708252a74c26e829",
                "LowerDir": "/var/lib/docker/overlay2/4bfb03ab347590c583e73b6bd782e29f51b5db33e1d2a0dd16d28abc8943ba37-init/diff:/var/lib/docker/overlay2/m1hwn9owbanmtnqrp45pp2bwj/diff:/var/lib/docker/overlay2/387mw2quknd5uj2pzxjttzvvq/diff:/var/lib/docker/overlay2/nu3ure9a7c33uxpks9smttui7/diff:/var/lib/docker/overlay2/5tu0qy34outm7oxboatfay9wz/diff:/var/lib/docker/overlay2/z9aus4ho7vzwoxepi4z6wzdtc/diff:/var/lib/docker/overlay2/utpioxsaz8ssvi3odutfamgp5/diff:/var/lib/docker/overlay2/w2ihkq06qa5qzz0vldnozd4ue/diff:/var/lib/docker/overlay2/ccdc2077a34929fe87897e2cee059301b7aa23a605a9162d47ba87a0271d1b04/diff:/var/lib/docker/overlay2/d0454aa4e6cd050837f265db580bafa05698177d6211b4e354b139904d8a18b5/diff:/var/lib/docker/overlay2/39841dad3a678422122439dd3a31bf33eb2506a8597b01a35d7d87584dd9d51e/diff:/var/lib/docker/overlay2/a5a89c0785dab12f54850845595d173680751ab4cf83dc0bb26818bc05881992/diff:/var/lib/docker/overlay2/70575ce617959c1c350028038a6c01bb60e87414694971b68b65010ede97d69f/diff:/var/lib/docker/overlay2/0c212e98bbcebdea905e1a7fd26ee1c4890ea6d1e8e1359136ac98f5914cc207/diff:/var/lib/docker/overlay2/c97475a615503d8c1eb28135d2d7313981d75e80426aa5812eba09599be5a43c/diff:/var/lib/docker/overlay2/84ac69c831c2adc664cce4508a8c0b3330757fcd3de0c90b2d4b7b47be5d1c07/diff:/var/lib/docker/overlay2/7c7f2d9a355004c32f64280b73549245a1bde2ff0e1e4dc734035980ea40d74e/diff:/var/lib/docker/overlay2/4b6d43217e38daca1c6ce02f7ce9528aac1439fba05391d1d3f9f242a964f9cd/diff:/var/lib/docker/overlay2/28d6d96ba2b6123f859e3d93743978124eb7ac2eb8d1419bb035db1a333d2f08/diff:/var/lib/docker/overlay2/320e3ab598873dcb64fbedf718a09f5d1840c2fa40b01b3983441149e3ea847d/diff",
                "MergedDir": "/var/lib/docker/overlay2/4bfb03ab347590c583e73b6bd782e29f51b5db33e1d2a0dd16d28abc8943ba37/merged",
                "UpperDir": "/var/lib/docker/overlay2/4bfb03ab347590c583e73b6bd782e29f51b5db33e1d2a0dd16d28abc8943ba37/diff",
                "WorkDir": "/var/lib/docker/overlay2/4bfb03ab347590c583e73b6bd782e29f51b5db33e1d2a0dd16d28abc8943ba37/work"
            },
            "Name": "overlay2"
        },
        "Mounts": [],
        "Config": {
            "Hostname": "acbc586425d7",
            "Domainname": "",
            "User": "1001:1001",
            "AttachStdin": false,
            "AttachStdout": true,
            "AttachStderr": true,
            "ExposedPorts": {
                "9000/tcp": {}
            },
            "Tty": false,
            "OpenStdin": false,
            "StdinOnce": false,
            "Env": [
                "PILOT_RUNTIME=roadrunner",
                "PILOT_REVISION=baseline",
                "PATH=/usr/local/sbin:/usr/local/bin:/usr/sbin:/usr/bin:/sbin:/bin",
                "PHPIZE_DEPS=autoconf \t\tdpkg-dev \t\tfile \t\tg++ \t\tgcc \t\tlibc-dev \t\tmake \t\tpkg-config \t\tre2c",
                "PHP_INI_DIR=/usr/local/etc/php",
                "PHP_CFLAGS=-fstack-protector-strong -fpic -fpie -O2 -D_LARGEFILE_SOURCE -D_FILE_OFFSET_BITS=64",
                "PHP_CPPFLAGS=-fstack-protector-strong -fpic -fpie -O2 -D_LARGEFILE_SOURCE -D_FILE_OFFSET_BITS=64",
                "PHP_LDFLAGS=-Wl,-O1 -pie",
                "GPG_KEYS=1198C0117593497A5EC5C199286AF1F9897469DC C28D937575603EB4ABB725861C0779DC5C0A9DE4 AFD8691FDAEDF03BDF6E460563F15A9B715376CA",
                "PHP_VERSION=8.3.35",
                "PHP_URL=https://www.php.net/distributions/php-8.3.35.tar.xz",
                "PHP_ASC_URL=https://www.php.net/distributions/php-8.3.35.tar.xz.asc",
                "PHP_SHA256=ff4630fbbbd94359134b7d3c223db59329905bdc4f5a9ef93d257b48e358619a"
            ],
            "Cmd": [
                "rr",
                "serve",
                "-c",
                "/app/pilot/runtime/rr.yaml"
            ],
            "Image": "mezzio-pilot-app:task3",
            "Volumes": null,
            "WorkingDir": "/app",
            "Entrypoint": [
                "docker-php-entrypoint"
            ],
            "OnBuild": null,
            "Labels": {
                "com.docker.compose.config-hash": "0be751734681f4d932730ccaeee96a6348671ee27de07b9eedac6cd38c1ff6b0",
                "com.docker.compose.container-number": "1",
                "com.docker.compose.depends_on": "",
                "com.docker.compose.image": "sha256:4102d15e94a811c89a440ee1be462c641c83ef30660d3efa70340f2ec9e4f144",
                "com.docker.compose.oneoff": "False",
                "com.docker.compose.project": "mezzio-pilot-task5-platform-228dfafd9f5c",
                "com.docker.compose.project.config_files": "/home/sirix/PhpStormProjects/mezzio-valinor-request-mapper/.worktrees/mezzio-load-app/compose.yaml",
                "com.docker.compose.project.working_dir": "/home/sirix/PhpStormProjects/mezzio-valinor-request-mapper/.worktrees/mezzio-load-app",
                "com.docker.compose.service": "app-rr",
                "com.docker.compose.version": "5.1.4"
            },
            "StopSignal": "SIGQUIT"
        },
        "NetworkSettings": {
            "Bridge": "",
            "SandboxID": "e8dc770ba505a6c69313f30d6df2ce12a07773a8dffd07d5a1697e87571746e5",
            "SandboxKey": "/var/run/docker/netns/e8dc770ba505",
            "Ports": {},
            "HairpinMode": false,
            "LinkLocalIPv6Address": "",
            "LinkLocalIPv6PrefixLen": 0,
            "SecondaryIPAddresses": null,
            "SecondaryIPv6Addresses": null,
            "EndpointID": "",
            "Gateway": "",
            "GlobalIPv6Address": "",
            "GlobalIPv6PrefixLen": 0,
            "IPAddress": "",
            "IPPrefixLen": 0,
            "IPv6Gateway": "",
            "MacAddress": "",
            "Networks": {
                "mezzio-pilot-task5-platform-228dfafd9f5c_pilot": {
                    "IPAMConfig": null,
                    "Links": null,
                    "Aliases": [
                        "mezzio-pilot-task5-platform-228dfafd9f5c-app-rr-1",
                        "app-rr"
                    ],
                    "MacAddress": "9a:3a:75:6c:cc:3e",
                    "DriverOpts": null,
                    "GwPriority": 0,
                    "NetworkID": "955e4b1254b06c29263622f83b3ed9d087490d48dabf91130f28c397c4191546",
                    "EndpointID": "3509f33e26d9f9ab07879077109cb50126c72de7a988c685a0ab80795a9397ae",
                    "Gateway": "",
                    "IPAddress": "172.24.0.2",
                    "IPPrefixLen": 16,
                    "IPv6Gateway": "",
                    "GlobalIPv6Address": "",
                    "GlobalIPv6PrefixLen": 0,
                    "DNSNames": [
                        "mezzio-pilot-task5-platform-228dfafd9f5c-app-rr-1",
                        "app-rr",
                        "acbc586425d7"
                    ]
                }
            }
        }
    }
]
