
         /\      Grafana   /‾‾/  
    /\  /  \     |\  __   /  /   
   /  \/    \    | |/ /  /   ‾‾\ 
  /          \   |   (  |  (‾)  |
 / __________ \  |_|\_\  \_____/ 


     execution: local
        script: /pilot/runtime/preflight.js
        output: json (/tmp/pilot-raw.json.gz)

     scenarios: (100.00%) 1 scenario, 1 max VUs, 10m30s max duration (incl. graceful stop):
              * default: 1 iterations shared among 1 VUs (maxDuration: 10m0s, gracefulStop: 30s)

{"preflight":"passed","revision":"candidate","target":"http://app-rr","requests":16,"health_requests":0}


  █ TOTAL RESULTS 

    HTTP
    http_req_duration..............: avg=14.68ms  min=2.06ms   med=3.24ms   max=118.82ms p(90)=26.44ms  p(95)=54.99ms 
      { expected_response:true }...: avg=19.49ms  min=2.68ms   med=3.07ms   max=118.82ms p(90)=49.05ms  p(95)=83.94ms 
    http_req_failed................: 50.00% 8 out of 16
    http_reqs......................: 16     62.904832/s

    EXECUTION
    iteration_duration.............: avg=253.54ms min=253.54ms med=253.54ms max=253.54ms p(90)=253.54ms p(95)=253.54ms
    iterations.....................: 1      3.931552/s

    NETWORK
    data_received..................: 30 kB  118 kB/s
    data_sent......................: 24 kB  93 kB/s




running (00m00.3s), 0/1 VUs, 1 complete and 0 interrupted iterations
default ✓ [ 100% ] 1 VUs  00m00.3s/10m0s  1/1 shared iters
