
         /\      Grafana   /‾‾/  
    /\  /  \     |\  __   /  /   
   /  \/    \    | |/ /  /   ‾‾\ 
  /          \   |   (  |  (‾)  |
 / __________ \  |_|\_\  \_____/ 


     execution: local
        script: /pilot/runtime/preflight.js
        output: json (/tmp/pilot-raw.json.gz)

     scenarios: (100.00%) 1 scenario, 1 max VUs, 10m30s max duration (incl. graceful stop):
              * default: 1 iterations shared among 1 VUs (maxDuration: 10m0s, gracefulStop: 30s)

{"preflight":"passed","revision":"baseline","target":"http://app-swoole","requests":15,"health_requests":0}


  █ TOTAL RESULTS 

    HTTP
    http_req_duration..............: avg=17.07ms min=1.62ms med=10.11ms max=101.79ms p(90)=37.17ms p(95)=64.62ms
      { expected_response:true }...: avg=20.32ms min=1.62ms med=2.21ms  max=101.79ms p(90)=64.62ms p(95)=83.21ms
    http_req_failed................: 46.66% 7 out of 15
    http_reqs......................: 15     53.88256/s

    EXECUTION
    iteration_duration.............: avg=278ms   min=278ms  med=278ms   max=278ms    p(90)=278ms   p(95)=278ms  
    iterations.....................: 1      3.592171/s

    NETWORK
    data_received..................: 48 kB  171 kB/s
    data_sent......................: 37 kB  132 kB/s




running (00m00.3s), 0/1 VUs, 1 complete and 0 interrupted iterations
default ✓ [ 100% ] 1 VUs  00m00.3s/10m0s  1/1 shared iters
