
         /\      Grafana   /‾‾/  
    /\  /  \     |\  __   /  /   
   /  \/    \    | |/ /  /   ‾‾\ 
  /          \   |   (  |  (‾)  |
 / __________ \  |_|\_\  \_____/ 


     execution: local
        script: /pilot/runtime/preflight.js
        output: json (/tmp/pilot-raw.json.gz)

     scenarios: (100.00%) 1 scenario, 1 max VUs, 10m30s max duration (incl. graceful stop):
              * default: 1 iterations shared among 1 VUs (maxDuration: 10m0s, gracefulStop: 30s)

{"preflight":"passed","revision":"candidate","target":"http://app-fpm","requests":16,"health_requests":0}


  █ TOTAL RESULTS 

    HTTP
    http_req_duration..............: avg=24.48ms  min=5.21ms   med=10.44ms  max=184.88ms p(90)=29.66ms  p(95)=69.02ms 
      { expected_response:true }...: avg=32.9ms   min=6.95ms   med=9.71ms   max=184.88ms p(90)=73.03ms  p(95)=128.95ms
    http_req_failed................: 50.00% 8 out of 16
    http_reqs......................: 16     38.441087/s

    EXECUTION
    iteration_duration.............: avg=415.86ms min=415.86ms med=415.86ms max=415.86ms p(90)=415.86ms p(95)=415.86ms
    iterations.....................: 1      2.402568/s

    NETWORK
    data_received..................: 31 kB  74 kB/s
    data_sent......................: 24 kB  57 kB/s




running (00m00.4s), 0/1 VUs, 1 complete and 0 interrupted iterations
default ✓ [ 100% ] 1 VUs  00m00.4s/10m0s  1/1 shared iters
